`torch_dtype` is deprecated! Use `dtype` instead!
примеров с контекстом < 200: 400
пре-обучение проекций (≈identity) ...
  pre 99: 0.5812
  pre 199: 0.5811
  pre 299: 0.5810
фаза 2: линейные слоты + delta-rule + η-гейт + retrieval ...
эпоха 0: train 19.5555
  val: acc6 = 0.15 | acc_open = 0.00 | val_mse = 9.7986 | ‖mix‖ = 148.09 | g = 0.501 | Код:0/9 Секрет:0/9 Пароль:0/12 Пин-код:0/10
эпоха 1: train 10.6930
  val: acc6 = 0.15 | acc_open = 0.00 | val_mse = 8.4148 | ‖mix‖ = 160.31 | g = 0.495 | Код:0/9 Секрет:0/9 Пароль:0/12 Пин-код:0/10
эпоха 2: train 9.0317
  val: acc6 = 0.15 | acc_open = 0.00 | val_mse = 6.4942 | ‖mix‖ = 163.93 | g = 0.493 | Код:0/9 Секрет:0/9 Пароль:0/12 Пин-код:0/10
эпоха 3: train 7.0243
  val: acc6 = 0.15 | acc_open = 0.03 | val_mse = 4.2841 | ‖mix‖ = 170.07 | g = 0.499 | Код:0/9 Секрет:0/9 Пароль:0/12 Пин-код:1/10
эпоха 4: train 5.6789
  val: acc6 = 0.17 | acc_open = 0.00 | val_mse = 3.2246 | ‖mix‖ = 168.10 | g = 0.503 | Код:0/9 Секрет:0/9 Пароль:0/12 Пин-код:0/10
эпоха 5: train 5.0359
  val: acc6 = 0.15 | acc_open = 0.00 | val_mse = 3.3905 | ‖mix‖ = 185.50 | g = 0.503 | Код:0/9 Секрет:0/9 Пароль:0/12 Пин-код:0/10
эпоха 6: train 4.9665
  val: acc6 = 0.12 | acc_open = 0.00 | val_mse = 2.9120 | ‖mix‖ = 180.51 | g = 0.500 | Код:0/9 Секрет:0/9 Пароль:0/12 Пин-код:0/10
эпоха 7: train 4.7122
  val: acc6 = 0.17 | acc_open = 0.00 | val_mse = 2.6197 | ‖mix‖ = 177.34 | g = 0.498 | Код:0/9 Секрет:0/9 Пароль:0/12 Пин-код:0/10
эпоха 8: train 4.6508
  val: acc6 = 0.17 | acc_open = 0.00 | val_mse = 2.4998 | ‖mix‖ = 176.00 | g = 0.496 | Код:0/9 Секрет:0/9 Пароль:0/12 Пин-код:0/10
эпоха 9: train 4.3922
  val: acc6 = 0.17 | acc_open = 0.00 | val_mse = 2.4308 | ‖mix‖ = 178.46 | g = 0.493 | Код:0/9 Секрет:0/9 Пароль:0/12 Пин-код:0/10
эпоха 10: train 4.3028
  val: acc6 = 0.17 | acc_open = 0.00 | val_mse = 2.3932 | ‖mix‖ = 180.04 | g = 0.491 | Код:0/9 Секрет:0/9 Пароль:0/12 Пин-код:0/10
эпоха 11: train 4.2099
  val: acc6 = 0.20 | acc_open = 0.00 | val_mse = 2.3697 | ‖mix‖ = 181.77 | g = 0.489 | Код:0/9 Секрет:0/9 Пароль:0/12 Пин-код:0/10
эпоха 12: train 4.1300
  val: acc6 = 0.25 | acc_open = 0.00 | val_mse = 2.3467 | ‖mix‖ = 183.98 | g = 0.486 | Код:0/9 Секрет:0/9 Пароль:0/12 Пин-код:0/10
эпоха 13: train 4.0592
  val: acc6 = 0.15 | acc_open = 0.00 | val_mse = 2.3142 | ‖mix‖ = 184.74 | g = 0.484 | Код:0/9 Секрет:0/9 Пароль:0/12 Пин-код:0/10
эпоха 14: train 3.9915
  val: acc6 = 0.20 | acc_open = 0.00 | val_mse = 2.2861 | ‖mix‖ = 185.16 | g = 0.481 | Код:0/9 Секрет:0/9 Пароль:0/12 Пин-код:0/10
Сохранено: exp3a_vector_injection.pt
