`torch_dtype` is deprecated! Use `dtype` instead!
примеров с контекстом < 200: 360
пре-обучение проекций (≈identity) ...
  pre 99: 0.6412
  pre 199: 0.6405
  pre 299: 0.6403
фаза 2: линейные слоты + delta-rule + η-гейт + retrieval ...
эпоха 0: train 15.2832
  val: acc6 = 0.28 | acc_open = 0.00 | val_mse = 6.2054 | ‖mix‖ = 145.99 | g = 0.498 | Код:0/6 Секрет:0/13 Пин-код:0/10 Пароль:0/7
эпоха 1: train 6.0263
  val: acc6 = 0.22 | acc_open = 0.00 | val_mse = 5.6177 | ‖mix‖ = 155.52 | g = 0.494 | Код:0/6 Секрет:0/13 Пин-код:0/10 Пароль:0/7
эпоха 2: train 5.0429
  val: acc6 = 0.17 | acc_open = 0.00 | val_mse = 4.5806 | ‖mix‖ = 171.06 | g = 0.491 | Код:0/6 Секрет:0/13 Пин-код:0/10 Пароль:0/7
эпоха 3: train 4.2513
  val: acc6 = 0.19 | acc_open = 0.00 | val_mse = 3.6411 | ‖mix‖ = 196.37 | g = 0.490 | Код:0/6 Секрет:0/13 Пин-код:0/10 Пароль:0/7
эпоха 4: train 3.7200
  val: acc6 = 0.17 | acc_open = 0.00 | val_mse = 3.6747 | ‖mix‖ = 213.14 | g = 0.488 | Код:0/6 Секрет:0/13 Пин-код:0/10 Пароль:0/7
эпоха 5: train 3.2931
  val: acc6 = 0.11 | acc_open = 0.00 | val_mse = 2.9999 | ‖mix‖ = 213.18 | g = 0.487 | Код:0/6 Секрет:0/13 Пин-код:0/10 Пароль:0/7
эпоха 6: train 3.0348
  val: acc6 = 0.14 | acc_open = 0.00 | val_mse = 2.7709 | ‖mix‖ = 208.80 | g = 0.486 | Код:0/6 Секрет:0/13 Пин-код:0/10 Пароль:0/7
эпоха 7: train 2.6029
  val: acc6 = 0.17 | acc_open = 0.00 | val_mse = 2.8349 | ‖mix‖ = 210.68 | g = 0.486 | Код:0/6 Секрет:0/13 Пин-код:0/10 Пароль:0/7
эпоха 8: train 2.5060
  val: acc6 = 0.14 | acc_open = 0.00 | val_mse = 2.8357 | ‖mix‖ = 210.78 | g = 0.486 | Код:0/6 Секрет:0/13 Пин-код:0/10 Пароль:0/7
эпоха 9: train 2.3216
  val: acc6 = 0.14 | acc_open = 0.00 | val_mse = 2.5477 | ‖mix‖ = 211.40 | g = 0.486 | Код:0/6 Секрет:0/13 Пин-код:0/10 Пароль:0/7
эпоха 10: train 2.1996
  val: acc6 = 0.17 | acc_open = 0.00 | val_mse = 2.6410 | ‖mix‖ = 209.57 | g = 0.485 | Код:0/6 Секрет:0/13 Пин-код:0/10 Пароль:0/7
эпоха 11: train 2.1621
  val: acc6 = 0.11 | acc_open = 0.00 | val_mse = 2.5249 | ‖mix‖ = 208.68 | g = 0.485 | Код:0/6 Секрет:0/13 Пин-код:0/10 Пароль:0/7
эпоха 12: train 1.9838
  val: acc6 = 0.11 | acc_open = 0.00 | val_mse = 2.4491 | ‖mix‖ = 207.00 | g = 0.484 | Код:0/6 Секрет:0/13 Пин-код:0/10 Пароль:0/7
эпоха 13: train 1.8646
  val: acc6 = 0.08 | acc_open = 0.00 | val_mse = 2.5040 | ‖mix‖ = 208.67 | g = 0.484 | Код:0/6 Секрет:0/13 Пин-код:0/10 Пароль:0/7
эпоха 14: train 1.8693
  val: acc6 = 0.06 | acc_open = 0.00 | val_mse = 2.6539 | ‖mix‖ = 208.48 | g = 0.482 | Код:0/6 Секрет:0/13 Пин-код:0/10 Пароль:0/7
Сохранено: exp3a_vector_injection.pt
