`torch_dtype` is deprecated! Use `dtype` instead!
примеров с контекстом < 200: 400
пре-обучение проекций (≈identity) ...
  pre 99: 0.6411
  pre 199: 0.6407
  pre 299: 0.6407
фаза 2: линейные слоты + delta-rule + η-гейт + retrieval ...
эпоха 0: train 20.0859
  val: acc6 = 0.15 | acc_open = 0.00 | val_mse = 11.8775 | ‖mix‖ = 133.47 | g = 0.495 | Код:0/9 Секрет:0/9 Пароль:0/12 Пин-код:0/10
эпоха 1: train 12.2951
  val: acc6 = 0.15 | acc_open = 0.00 | val_mse = 10.5328 | ‖mix‖ = 143.85 | g = 0.491 | Код:0/9 Секрет:0/9 Пароль:0/12 Пин-код:0/10
эпоха 2: train 11.3757
  val: acc6 = 0.15 | acc_open = 0.00 | val_mse = 9.5707 | ‖mix‖ = 142.02 | g = 0.489 | Код:0/9 Секрет:0/9 Пароль:0/12 Пин-код:0/10
эпоха 3: train 10.1040
  val: acc6 = 0.15 | acc_open = 0.00 | val_mse = 7.6074 | ‖mix‖ = 152.63 | g = 0.493 | Код:0/9 Секрет:0/9 Пароль:0/12 Пин-код:0/10
эпоха 4: train 8.3675
  val: acc6 = 0.15 | acc_open = 0.00 | val_mse = 6.1850 | ‖mix‖ = 174.93 | g = 0.504 | Код:0/9 Секрет:0/9 Пароль:0/12 Пин-код:0/10
эпоха 5: train 7.3384
  val: acc6 = 0.15 | acc_open = 0.00 | val_mse = 5.0018 | ‖mix‖ = 159.99 | g = 0.506 | Код:0/9 Секрет:0/9 Пароль:0/12 Пин-код:0/10
эпоха 6: train 6.8064
  val: acc6 = 0.15 | acc_open = 0.00 | val_mse = 4.5915 | ‖mix‖ = 165.87 | g = 0.507 | Код:0/9 Секрет:0/9 Пароль:0/12 Пин-код:0/10
эпоха 7: train 6.3016
  val: acc6 = 0.15 | acc_open = 0.00 | val_mse = 4.1484 | ‖mix‖ = 166.97 | g = 0.508 | Код:0/9 Секрет:0/9 Пароль:0/12 Пин-код:0/10
эпоха 8: train 5.7017
  val: acc6 = 0.15 | acc_open = 0.00 | val_mse = 3.5617 | ‖mix‖ = 170.77 | g = 0.512 | Код:0/9 Секрет:0/9 Пароль:0/12 Пин-код:0/10
эпоха 9: train 5.1195
  val: acc6 = 0.15 | acc_open = 0.00 | val_mse = 3.0994 | ‖mix‖ = 169.27 | g = 0.518 | Код:0/9 Секрет:0/9 Пароль:0/12 Пин-код:0/10
эпоха 10: train 4.7434
  val: acc6 = 0.12 | acc_open = 0.00 | val_mse = 2.8459 | ‖mix‖ = 167.93 | g = 0.522 | Код:0/9 Секрет:0/9 Пароль:0/12 Пин-код:0/10
эпоха 11: train 4.4353
  val: acc6 = 0.15 | acc_open = 0.00 | val_mse = 2.8144 | ‖mix‖ = 167.96 | g = 0.525 | Код:0/9 Секрет:0/9 Пароль:0/12 Пин-код:0/10
эпоха 12: train 4.3385
  val: acc6 = 0.12 | acc_open = 0.00 | val_mse = 2.6943 | ‖mix‖ = 171.38 | g = 0.526 | Код:0/9 Секрет:0/9 Пароль:0/12 Пин-код:0/10
эпоха 13: train 4.2113
  val: acc6 = 0.12 | acc_open = 0.00 | val_mse = 2.4851 | ‖mix‖ = 174.45 | g = 0.526 | Код:0/9 Секрет:0/9 Пароль:0/12 Пин-код:0/10
эпоха 14: train 4.0987
  val: acc6 = 0.12 | acc_open = 0.00 | val_mse = 2.4058 | ‖mix‖ = 177.03 | g = 0.526 | Код:0/9 Секрет:0/9 Пароль:0/12 Пин-код:0/10
Сохранено: exp3a_vector_injection.pt
