`torch_dtype` is deprecated! Use `dtype` instead!
примеров с контекстом < 200: 400
пре-обучение проекций (≈identity) ...
  pre 99: 0.6058
  pre 199: 0.6058
  pre 299: 0.6058
фаза 2: windowed key + линейные слоты + delta-rule + η-гейт + retrieval ...
эпоха 0: train 20.0873
  val: acc6 = 0.15 | acc_open = 0.00 | val_mse = 9.1686 | ‖mix‖ = 152.26 | g = 0.501 | Код:0/9 Секрет:0/9 Пароль:0/12 Пин-код:0/10
эпоха 1: train 8.3355
  val: acc6 = 0.15 | acc_open = 0.03 | val_mse = 5.5445 | ‖mix‖ = 172.05 | g = 0.505 | Код:1/9 Секрет:0/9 Пароль:0/12 Пин-код:0/10
эпоха 2: train 5.5745
  val: acc6 = 0.28 | acc_open = 0.12 | val_mse = 3.5323 | ‖mix‖ = 176.65 | g = 0.511 | Код:1/9 Секрет:2/9 Пароль:2/12 Пин-код:0/10
эпоха 3: train 4.1701
  val: acc6 = 0.38 | acc_open = 0.15 | val_mse = 2.6766 | ‖mix‖ = 173.47 | g = 0.515 | Код:1/9 Секрет:2/9 Пароль:2/12 Пин-код:1/10
эпоха 4: train 3.2920
  val: acc6 = 0.38 | acc_open = 0.17 | val_mse = 2.3778 | ‖mix‖ = 172.83 | g = 0.517 | Код:1/9 Секрет:2/9 Пароль:3/12 Пин-код:1/10
эпоха 5: train 2.7027
  val: acc6 = 0.82 | acc_open = 0.28 | val_mse = 2.0626 | ‖mix‖ = 175.52 | g = 0.519 | Код:4/9 Секрет:2/9 Пароль:4/12 Пин-код:1/10
эпоха 6: train 2.1357
  val: acc6 = 0.80 | acc_open = 0.45 | val_mse = 1.7759 | ‖mix‖ = 180.67 | g = 0.522 | Код:4/9 Секрет:3/9 Пароль:6/12 Пин-код:5/10
эпоха 7: train 2.0561
  val: acc6 = 0.95 | acc_open = 0.65 | val_mse = 1.4831 | ‖mix‖ = 190.02 | g = 0.524 | Код:3/9 Секрет:7/9 Пароль:10/12 Пин-код:6/10
эпоха 8: train 1.9474
  val: acc6 = 1.00 | acc_open = 0.78 | val_mse = 1.6225 | ‖mix‖ = 196.84 | g = 0.524 | Код:4/9 Секрет:9/9 Пароль:12/12 Пин-код:6/10
эпоха 9: train 1.8487
  val: acc6 = 1.00 | acc_open = 0.78 | val_mse = 1.2993 | ‖mix‖ = 191.93 | g = 0.524 | Код:4/9 Секрет:9/9 Пароль:12/12 Пин-код:6/10
эпоха 10: train 1.5188
  val: acc6 = 0.93 | acc_open = 0.82 | val_mse = 1.1166 | ‖mix‖ = 193.15 | g = 0.524 | Код:4/9 Секрет:9/9 Пароль:12/12 Пин-код:8/10
эпоха 11: train 1.3462
  val: acc6 = 1.00 | acc_open = 0.75 | val_mse = 1.1287 | ‖mix‖ = 192.89 | g = 0.524 | Код:4/9 Секрет:9/9 Пароль:9/12 Пин-код:8/10
эпоха 12: train 1.1491
  val: acc6 = 1.00 | acc_open = 0.75 | val_mse = 1.9933 | ‖mix‖ = 196.58 | g = 0.525 | Код:4/9 Секрет:9/9 Пароль:9/12 Пин-код:8/10
эпоха 13: train 1.1977
  val: acc6 = 1.00 | acc_open = 0.82 | val_mse = 1.2926 | ‖mix‖ = 196.28 | g = 0.525 | Код:4/9 Секрет:9/9 Пароль:12/12 Пин-код:8/10
эпоха 14: train 1.2183
  val: acc6 = 1.00 | acc_open = 0.88 | val_mse = 0.9158 | ‖mix‖ = 196.51 | g = 0.525 | Код:4/9 Секрет:9/9 Пароль:12/12 Пин-код:10/10
Сохранено: exp4a_windowed_key.pt

Сравни acc_open и per_type с exp3a (25/40, 62.5%) — если 4a лучше именно на разнотипных/масштабных случаях, окно даёт эффект. На текущем датасете (1 секрет на тип) эффекта может почти не быть — нужен multi-type тест-сет (см. план, эксп. отдельно генерировать).
