`torch_dtype` is deprecated! Use `dtype` instead!
примеров с контекстом < 200: 360
пре-обучение проекций (≈identity) ...
  pre 99: 0.6064
  pre 199: 0.6058
  pre 299: 0.6057
фаза 2: windowed key + линейные слоты + delta-rule + η-гейт + retrieval ...
эпоха 0: train 15.5513
  val: acc6 = 0.25 | acc_open = 0.00 | val_mse = 5.6098 | ‖mix‖ = 161.65 | g = 0.502 | Код:0/6 Секрет:0/13 Пин-код:0/10 Пароль:0/7
эпоха 1: train 5.7975
  val: acc6 = 0.19 | acc_open = 0.00 | val_mse = 4.6242 | ‖mix‖ = 176.18 | g = 0.499 | Код:0/6 Секрет:0/13 Пин-код:0/10 Пароль:0/7
эпоха 2: train 4.6334
  val: acc6 = 0.19 | acc_open = 0.00 | val_mse = 4.1572 | ‖mix‖ = 182.07 | g = 0.498 | Код:0/6 Секрет:0/13 Пин-код:0/10 Пароль:0/7
эпоха 3: train 3.6868
  val: acc6 = 0.17 | acc_open = 0.00 | val_mse = 3.2953 | ‖mix‖ = 193.78 | g = 0.498 | Код:0/6 Секрет:0/13 Пин-код:0/10 Пароль:0/7
эпоха 4: train 3.2792
  val: acc6 = 0.14 | acc_open = 0.00 | val_mse = 3.3958 | ‖mix‖ = 203.63 | g = 0.498 | Код:0/6 Секрет:0/13 Пин-код:0/10 Пароль:0/7
эпоха 5: train 2.8888
  val: acc6 = 0.19 | acc_open = 0.00 | val_mse = 3.1267 | ‖mix‖ = 217.45 | g = 0.497 | Код:0/6 Секрет:0/13 Пин-код:0/10 Пароль:0/7
эпоха 6: train 2.8849
  val: acc6 = 0.17 | acc_open = 0.00 | val_mse = 3.1758 | ‖mix‖ = 225.12 | g = 0.495 | Код:0/6 Секрет:0/13 Пин-код:0/10 Пароль:0/7
эпоха 7: train 2.6677
  val: acc6 = 0.14 | acc_open = 0.00 | val_mse = 2.8598 | ‖mix‖ = 223.42 | g = 0.492 | Код:0/6 Секрет:0/13 Пин-код:0/10 Пароль:0/7
эпоха 8: train 2.5792
  val: acc6 = 0.11 | acc_open = 0.00 | val_mse = 2.6952 | ‖mix‖ = 216.17 | g = 0.487 | Код:0/6 Секрет:0/13 Пин-код:0/10 Пароль:0/7
эпоха 9: train 2.1461
  val: acc6 = 0.17 | acc_open = 0.00 | val_mse = 2.6503 | ‖mix‖ = 221.44 | g = 0.486 | Код:0/6 Секрет:0/13 Пин-код:0/10 Пароль:0/7
эпоха 10: train 2.0677
  val: acc6 = 0.14 | acc_open = 0.00 | val_mse = 2.9815 | ‖mix‖ = 217.87 | g = 0.484 | Код:0/6 Секрет:0/13 Пин-код:0/10 Пароль:0/7
эпоха 11: train 2.2121
  val: acc6 = 0.11 | acc_open = 0.00 | val_mse = 2.8128 | ‖mix‖ = 211.76 | g = 0.482 | Код:0/6 Секрет:0/13 Пин-код:0/10 Пароль:0/7
эпоха 12: train 1.9800
  val: acc6 = 0.17 | acc_open = 0.00 | val_mse = 2.6578 | ‖mix‖ = 211.68 | g = 0.482 | Код:0/6 Секрет:0/13 Пин-код:0/10 Пароль:0/7
эпоха 13: train 1.7518
  val: acc6 = 0.14 | acc_open = 0.00 | val_mse = 2.6566 | ‖mix‖ = 222.38 | g = 0.481 | Код:0/6 Секрет:0/13 Пин-код:0/10 Пароль:0/7
эпоха 14: train 1.6612
  val: acc6 = 0.11 | acc_open = 0.00 | val_mse = 2.8994 | ‖mix‖ = 221.11 | g = 0.481 | Код:0/6 Секрет:0/13 Пин-код:0/10 Пароль:0/7
Сохранено: exp4a_windowed_key.pt

Сравни acc_open и per_type с exp3a (25/40, 62.5%) — если 4a лучше именно на разнотипных/масштабных случаях, окно даёт эффект. На текущем датасете (1 секрет на тип) эффекта может почти не быть — нужен multi-type тест-сет (см. план, эксп. отдельно генерировать).
