`torch_dtype` is deprecated! Use `dtype` instead!
примеров с контекстом < 200: 400
пре-обучение проекций (≈identity) ...
  pre 99: 0.6058
  pre 199: 0.6058
  pre 299: 0.6058
фаза 2: windowed key + delta-rule + η-гейт(write) + dynamic gate(read) ...
эпоха 0: train 20.0902
  val (in-process): acc6 = 0.15 | acc_open = 0.00 | val_mse = 9.2048 | ‖mix‖ = 152.07 | Код:0/9 Секрет:0/9 Пароль:0/12 Пин-код:0/10
эпоха 1: train 8.3630
  val (in-process): acc6 = 0.15 | acc_open = 0.07 | val_mse = 5.5526 | ‖mix‖ = 171.83 | Код:1/9 Секрет:0/9 Пароль:2/12 Пин-код:0/10
эпоха 2: train 5.6259
  val (in-process): acc6 = 0.28 | acc_open = 0.15 | val_mse = 3.6070 | ‖mix‖ = 178.05 | Код:1/9 Секрет:2/9 Пароль:2/12 Пин-код:1/10
эпоха 3: train 4.1811
  val (in-process): acc6 = 0.38 | acc_open = 0.15 | val_mse = 2.7246 | ‖mix‖ = 178.35 | Код:0/9 Секрет:2/9 Пароль:3/12 Пин-код:1/10
эпоха 4: train 3.2548
  val (in-process): acc6 = 0.38 | acc_open = 0.20 | val_mse = 2.2174 | ‖mix‖ = 178.20 | Код:1/9 Секрет:2/9 Пароль:4/12 Пин-код:1/10
эпоха 5: train 2.5503
  val (in-process): acc6 = 0.82 | acc_open = 0.23 | val_mse = 1.9017 | ‖mix‖ = 180.01 | Код:1/9 Секрет:3/9 Пароль:4/12 Пин-код:1/10
эпоха 6: train 2.1064
  val (in-process): acc6 = 0.93 | acc_open = 0.57 | val_mse = 1.9871 | ‖mix‖ = 179.62 | Код:3/9 Секрет:3/9 Пароль:12/12 Пин-код:5/10
эпоха 7: train 1.9313
  val (in-process): acc6 = 1.00 | acc_open = 0.47 | val_mse = 2.4517 | ‖mix‖ = 187.42 | Код:4/9 Секрет:3/9 Пароль:6/12 Пин-код:6/10
эпоха 8: train 1.7796
  val (in-process): acc6 = 0.93 | acc_open = 0.55 | val_mse = 2.1828 | ‖mix‖ = 190.73 | Код:4/9 Секрет:3/9 Пароль:9/12 Пин-код:6/10
эпоха 9: train 1.7682
  val (in-process): acc6 = 1.00 | acc_open = 0.75 | val_mse = 1.1509 | ‖mix‖ = 193.46 | Код:4/9 Секрет:9/9 Пароль:9/12 Пин-код:8/10
эпоха 10: train 1.4323
  val (in-process): acc6 = 1.00 | acc_open = 0.82 | val_mse = 1.2371 | ‖mix‖ = 193.68 | Код:4/9 Секрет:9/9 Пароль:12/12 Пин-код:8/10
эпоха 11: train 1.7374
  val (in-process): acc6 = 1.00 | acc_open = 0.82 | val_mse = 1.7898 | ‖mix‖ = 196.44 | Код:4/9 Секрет:9/9 Пароль:12/12 Пин-код:8/10
эпоха 12: train 1.3330
  val (in-process): acc6 = 1.00 | acc_open = 0.82 | val_mse = 1.0117 | ‖mix‖ = 197.65 | Код:4/9 Секрет:9/9 Пароль:12/12 Пин-код:8/10
эпоха 13: train 1.0347
  val (in-process): acc6 = 1.00 | acc_open = 0.82 | val_mse = 1.0118 | ‖mix‖ = 194.11 | Код:4/9 Секрет:9/9 Пароль:12/12 Пин-код:8/10
эпоха 14: train 0.9541
  val (in-process): acc6 = 1.00 | acc_open = 0.88 | val_mse = 0.7845 | ‖mix‖ = 195.72 | Код:4/9 Секрет:9/9 Пароль:12/12 Пин-код:10/10
Сохранено: exp5_ctx_gate_yattn.pt

=== ЧЕСТНАЯ КРОСС-СЕССИОННАЯ ПРОВЕРКА (через диск, не RAM) ===
[cross-session, диск] acc6 = 100.00% | acc_open = 87.50% | Код:4/9 Секрет:9/9 Пароль:12/12 Пин-код:10/10
