`torch_dtype` is deprecated! Use `dtype` instead!
примеров с контекстом < 200: 360
пре-обучение проекций (≈identity) ...
  pre 99: 0.6064
  pre 199: 0.6058
  pre 299: 0.6057
фаза 2: windowed key + delta-rule + η-гейт(write) + dynamic gate(read) ...
эпоха 0: train 15.5222
  val (in-process): acc6 = 0.25 | acc_open = 0.00 | val_mse = 5.6235 | ‖mix‖ = 161.65 | Код:0/6 Секрет:0/13 Пин-код:0/10 Пароль:0/7
эпоха 1: train 5.8041
  val (in-process): acc6 = 0.22 | acc_open = 0.00 | val_mse = 4.6259 | ‖mix‖ = 175.81 | Код:0/6 Секрет:0/13 Пин-код:0/10 Пароль:0/7
эпоха 2: train 4.6438
  val (in-process): acc6 = 0.19 | acc_open = 0.00 | val_mse = 4.1197 | ‖mix‖ = 181.96 | Код:0/6 Секрет:0/13 Пин-код:0/10 Пароль:0/7
эпоха 3: train 3.6893
  val (in-process): acc6 = 0.17 | acc_open = 0.00 | val_mse = 3.3299 | ‖mix‖ = 193.90 | Код:0/6 Секрет:0/13 Пин-код:0/10 Пароль:0/7
эпоха 4: train 3.2625
  val (in-process): acc6 = 0.14 | acc_open = 0.00 | val_mse = 3.3962 | ‖mix‖ = 206.50 | Код:0/6 Секрет:0/13 Пин-код:0/10 Пароль:0/7
эпоха 5: train 2.9256
  val (in-process): acc6 = 0.17 | acc_open = 0.00 | val_mse = 3.1751 | ‖mix‖ = 218.18 | Код:0/6 Секрет:0/13 Пин-код:0/10 Пароль:0/7
эпоха 6: train 2.9919
  val (in-process): acc6 = 0.11 | acc_open = 0.00 | val_mse = 3.1775 | ‖mix‖ = 226.77 | Код:0/6 Секрет:0/13 Пин-код:0/10 Пароль:0/7
эпоха 7: train 2.7135
  val (in-process): acc6 = 0.08 | acc_open = 0.00 | val_mse = 2.7574 | ‖mix‖ = 220.37 | Код:0/6 Секрет:0/13 Пин-код:0/10 Пароль:0/7
эпоха 8: train 2.4586
  val (in-process): acc6 = 0.17 | acc_open = 0.00 | val_mse = 2.6862 | ‖mix‖ = 218.18 | Код:0/6 Секрет:0/13 Пин-код:0/10 Пароль:0/7
эпоха 9: train 2.1149
  val (in-process): acc6 = 0.17 | acc_open = 0.00 | val_mse = 2.7063 | ‖mix‖ = 217.86 | Код:0/6 Секрет:0/13 Пин-код:0/10 Пароль:0/7
эпоха 10: train 2.2432
  val (in-process): acc6 = 0.14 | acc_open = 0.00 | val_mse = 3.1002 | ‖mix‖ = 215.01 | Код:0/6 Секрет:0/13 Пин-код:0/10 Пароль:0/7
эпоха 11: train 2.0946
  val (in-process): acc6 = 0.17 | acc_open = 0.00 | val_mse = 2.6037 | ‖mix‖ = 216.45 | Код:0/6 Секрет:0/13 Пин-код:0/10 Пароль:0/7
эпоха 12: train 1.9038
  val (in-process): acc6 = 0.08 | acc_open = 0.00 | val_mse = 2.7416 | ‖mix‖ = 221.44 | Код:0/6 Секрет:0/13 Пин-код:0/10 Пароль:0/7
эпоха 13: train 1.8444
  val (in-process): acc6 = 0.11 | acc_open = 0.00 | val_mse = 2.7973 | ‖mix‖ = 214.74 | Код:0/6 Секрет:0/13 Пин-код:0/10 Пароль:0/7
эпоха 14: train 1.7100
  val (in-process): acc6 = 0.08 | acc_open = 0.00 | val_mse = 2.9177 | ‖mix‖ = 216.84 | Код:0/6 Секрет:0/13 Пин-код:0/10 Пароль:0/7
Сохранено: exp5_ctx_gate.pt

=== ЧЕСТНАЯ КРОСС-СЕССИОННАЯ ПРОВЕРКА (через диск, не RAM) ===
[cross-session, диск] acc6 = 8.33% | acc_open = 0.00% | Код:0/6 Секрет:0/13 Пин-код:0/10 Пароль:0/7
