`torch_dtype` is deprecated! Use `dtype` instead!
примеров с контекстом < 200: 400
пре-обучение проекций (≈identity) ...
  pre 99: 0.5909
  pre 199: 0.5904
  pre 299: 0.5904
фаза 2: rank-1 атомы (N_ATOMS=384, TOP_K=8) + windowed key + dynamic gate ...
эпоха 0: train 25.0685
  val (in-process): acc6 = 0.15 | acc_open = 0.00 | val_mse = 12.9589 | ‖mix‖ = 117.04 | Код:0/9 Секрет:0/9 Пароль:0/12 Пин-код:0/10
эпоха 1: train 12.0154
  val (in-process): acc6 = 0.23 | acc_open = 0.00 | val_mse = 9.7550 | ‖mix‖ = 140.53 | Код:0/9 Секрет:0/9 Пароль:0/12 Пин-код:0/10
эпоха 2: train 10.2547
  val (in-process): acc6 = 0.30 | acc_open = 0.00 | val_mse = 8.7553 | ‖mix‖ = 148.28 | Код:0/9 Секрет:0/9 Пароль:0/12 Пин-код:0/10
эпоха 3: train 9.4287
  val (in-process): acc6 = 0.38 | acc_open = 0.00 | val_mse = 8.1131 | ‖mix‖ = 152.72 | Код:0/9 Секрет:0/9 Пароль:0/12 Пин-код:0/10
эпоха 4: train 8.8347
  val (in-process): acc6 = 0.33 | acc_open = 0.00 | val_mse = 7.5981 | ‖mix‖ = 155.81 | Код:0/9 Секрет:0/9 Пароль:0/12 Пин-код:0/10
эпоха 5: train 8.3483
  val (in-process): acc6 = 0.38 | acc_open = 0.00 | val_mse = 7.1552 | ‖mix‖ = 158.19 | Код:0/9 Секрет:0/9 Пароль:0/12 Пин-код:0/10
эпоха 6: train 7.9266
  val (in-process): acc6 = 0.38 | acc_open = 0.05 | val_mse = 6.7666 | ‖mix‖ = 160.19 | Код:0/9 Секрет:0/9 Пароль:2/12 Пин-код:0/10
эпоха 7: train 7.5485
  val (in-process): acc6 = 0.42 | acc_open = 0.05 | val_mse = 6.4190 | ‖mix‖ = 161.94 | Код:0/9 Секрет:0/9 Пароль:2/12 Пин-код:0/10
эпоха 8: train 7.2059
  val (in-process): acc6 = 0.45 | acc_open = 0.05 | val_mse = 6.1055 | ‖mix‖ = 163.53 | Код:0/9 Секрет:0/9 Пароль:2/12 Пин-код:0/10
эпоха 9: train 6.8940
  val (in-process): acc6 = 0.45 | acc_open = 0.05 | val_mse = 5.8251 | ‖mix‖ = 165.08 | Код:0/9 Секрет:0/9 Пароль:2/12 Пин-код:0/10
эпоха 10: train 6.6138
  val (in-process): acc6 = 0.45 | acc_open = 0.05 | val_mse = 5.5799 | ‖mix‖ = 166.60 | Код:0/9 Секрет:0/9 Пароль:2/12 Пин-код:0/10
эпоха 11: train 6.3610
  val (in-process): acc6 = 0.45 | acc_open = 0.07 | val_mse = 5.3629 | ‖mix‖ = 168.12 | Код:0/9 Секрет:0/9 Пароль:2/12 Пин-код:1/10
эпоха 12: train 6.1336
  val (in-process): acc6 = 0.45 | acc_open = 0.07 | val_mse = 5.1727 | ‖mix‖ = 169.62 | Код:0/9 Секрет:0/9 Пароль:2/12 Пин-код:1/10
эпоха 13: train 5.9277
  val (in-process): acc6 = 0.45 | acc_open = 0.15 | val_mse = 5.0078 | ‖mix‖ = 171.10 | Код:1/9 Секрет:2/9 Пароль:2/12 Пин-код:1/10
эпоха 14: train 5.7397
  val (in-process): acc6 = 0.45 | acc_open = 0.15 | val_mse = 4.8601 | ‖mix‖ = 172.52 | Код:1/9 Секрет:2/9 Пароль:2/12 Пин-код:1/10
Сохранено: exp6_atoms_yattn.pt

=== ЧЕСТНАЯ КРОСС-СЕССИОННАЯ ПРОВЕРКА (через диск) ===
[cross-session, диск] acc6 = 45.00% | acc_open = 15.00% | Код:1/9 Секрет:2/9 Пароль:2/12 Пин-код:1/10
