`torch_dtype` is deprecated! Use `dtype` instead!
примеров с контекстом < 200: 400
пре-обучение проекций (≈identity) ...
  pre 99: 0.5909
  pre 199: 0.5904
  pre 299: 0.5904
фаза 2: rank-1 атомы (N_ATOMS=384, TOP_K=8) + windowed key + dynamic gate ...
эпоха 0: train 29.1315
  val (in-process): acc6 = 0.20 | acc_open = 0.00 | val_mse = 14.7855 | ‖mix‖ = 102.68 | Код:0/9 Секрет:0/9 Пароль:0/12 Пин-код:0/10
эпоха 1: train 13.5654
  val (in-process): acc6 = 0.25 | acc_open = 0.00 | val_mse = 11.0258 | ‖mix‖ = 132.25 | Код:0/9 Секрет:0/9 Пароль:0/12 Пин-код:0/10
эпоха 2: train 11.6394
  val (in-process): acc6 = 0.20 | acc_open = 0.00 | val_mse = 10.0669 | ‖mix‖ = 141.70 | Код:0/9 Секрет:0/9 Пароль:0/12 Пин-код:0/10
эпоха 3: train 10.9947
  val (in-process): acc6 = 0.20 | acc_open = 0.00 | val_mse = 9.6209 | ‖mix‖ = 146.57 | Код:0/9 Секрет:0/9 Пароль:0/12 Пин-код:0/10
эпоха 4: train 10.6328
  val (in-process): acc6 = 0.28 | acc_open = 0.00 | val_mse = 9.3370 | ‖mix‖ = 149.56 | Код:0/9 Секрет:0/9 Пароль:0/12 Пин-код:0/10
эпоха 5: train 10.3725
  val (in-process): acc6 = 0.38 | acc_open = 0.00 | val_mse = 9.1178 | ‖mix‖ = 151.65 | Код:0/9 Секрет:0/9 Пароль:0/12 Пин-код:0/10
эпоха 6: train 10.1582
  val (in-process): acc6 = 0.38 | acc_open = 0.00 | val_mse = 8.9300 | ‖mix‖ = 153.23 | Код:0/9 Секрет:0/9 Пароль:0/12 Пин-код:0/10
эпоха 7: train 9.9688
  val (in-process): acc6 = 0.30 | acc_open = 0.00 | val_mse = 8.7626 | ‖mix‖ = 154.52 | Код:0/9 Секрет:0/9 Пароль:0/12 Пин-код:0/10
эпоха 8: train 9.7959
  val (in-process): acc6 = 0.30 | acc_open = 0.00 | val_mse = 8.6075 | ‖mix‖ = 155.65 | Код:0/9 Секрет:0/9 Пароль:0/12 Пин-код:0/10
эпоха 9: train 9.6333
  val (in-process): acc6 = 0.33 | acc_open = 0.00 | val_mse = 8.4601 | ‖mix‖ = 156.68 | Код:0/9 Секрет:0/9 Пароль:0/12 Пин-код:0/10
эпоха 10: train 9.4792
  val (in-process): acc6 = 0.33 | acc_open = 0.00 | val_mse = 8.3178 | ‖mix‖ = 157.65 | Код:0/9 Секрет:0/9 Пароль:0/12 Пин-код:0/10
эпоха 11: train 9.3298
  val (in-process): acc6 = 0.38 | acc_open = 0.00 | val_mse = 8.1799 | ‖mix‖ = 158.58 | Код:0/9 Секрет:0/9 Пароль:0/12 Пин-код:0/10
эпоха 12: train 9.1832
  val (in-process): acc6 = 0.38 | acc_open = 0.00 | val_mse = 8.0435 | ‖mix‖ = 159.45 | Код:0/9 Секрет:0/9 Пароль:0/12 Пин-код:0/10
эпоха 13: train 9.0410
  val (in-process): acc6 = 0.42 | acc_open = 0.00 | val_mse = 7.9087 | ‖mix‖ = 160.29 | Код:0/9 Секрет:0/9 Пароль:0/12 Пин-код:0/10
эпоха 14: train 8.9003
  val (in-process): acc6 = 0.42 | acc_open = 0.00 | val_mse = 7.7759 | ‖mix‖ = 161.08 | Код:0/9 Секрет:0/9 Пароль:0/12 Пин-код:0/10
Сохранено: exp6_atoms_yattn.pt

=== ЧЕСТНАЯ КРОСС-СЕССИОННАЯ ПРОВЕРКА (через диск) ===
[cross-session, диск] acc6 = 42.50% | acc_open = 0.00% | Код:0/9 Секрет:0/9 Пароль:0/12 Пин-код:0/10
