`torch_dtype` is deprecated! Use `dtype` instead!
примеров с контекстом < 200: 400
пре-обучение проекций (≈identity) ...
  pre 99: 0.5909
  pre 199: 0.5904
  pre 299: 0.5904
фаза 2: rank-1 атомы (N_ATOMS=384, TOP_K=8) + windowed key + dynamic gate ...
эпоха 0: train 50.5690
  val (in-process): acc6 = 0.23 | acc_open = 0.00 | val_mse = 75.5071 | ‖mix‖ = 1.30 | Код:0/9 Секрет:0/9 Пароль:0/12 Пин-код:0/10
эпоха 1: train 179.4001
  val (in-process): acc6 = 0.15 | acc_open = 0.10 | val_mse = 18.1562 | ‖mix‖ = 155.58 | Код:1/9 Секрет:0/9 Пароль:2/12 Пин-код:1/10
эпоха 2: train 64.2341
  val (in-process): acc6 = 0.30 | acc_open = 0.00 | val_mse = 62.8565 | ‖mix‖ = 10.10 | Код:0/9 Секрет:0/9 Пароль:0/12 Пин-код:0/10
эпоха 3: train 57.6114
  val (in-process): acc6 = 0.30 | acc_open = 0.00 | val_mse = 53.5488 | ‖mix‖ = 16.69 | Код:0/9 Секрет:0/9 Пароль:0/12 Пин-код:0/10
эпоха 4: train 49.6142
  val (in-process): acc6 = 0.25 | acc_open = 0.00 | val_mse = 46.6728 | ‖mix‖ = 22.00 | Код:0/9 Секрет:0/9 Пароль:0/12 Пин-код:0/10
эпоха 5: train 43.7122
  val (in-process): acc6 = 0.25 | acc_open = 0.00 | val_mse = 41.5498 | ‖mix‖ = 26.47 | Код:0/9 Секрет:0/9 Пароль:0/12 Пин-код:0/10
эпоха 6: train 39.3049
  val (in-process): acc6 = 0.23 | acc_open = 0.00 | val_mse = 37.7084 | ‖mix‖ = 30.32 | Код:0/9 Секрет:0/9 Пароль:0/12 Пин-код:0/10
эпоха 7: train 35.9884
  val (in-process): acc6 = 0.23 | acc_open = 0.00 | val_mse = 34.8080 | ‖mix‖ = 33.68 | Код:0/9 Секрет:0/9 Пароль:0/12 Пин-код:0/10
эпоха 8: train 33.4572
  val (in-process): acc6 = 0.23 | acc_open = 0.00 | val_mse = 32.5788 | ‖mix‖ = 36.62 | Код:0/9 Секрет:0/9 Пароль:0/12 Пин-код:0/10
эпоха 9: train 31.4805
  val (in-process): acc6 = 0.23 | acc_open = 0.00 | val_mse = 30.8228 | ‖mix‖ = 39.21 | Код:0/9 Секрет:0/9 Пароль:0/12 Пин-код:0/10
эпоха 10: train 29.8971
  val (in-process): acc6 = 0.23 | acc_open = 0.00 | val_mse = 29.3938 | ‖mix‖ = 41.50 | Код:0/9 Секрет:0/9 Пароль:0/12 Пин-код:0/10
эпоха 11: train 28.6046
  val (in-process): acc6 = 0.23 | acc_open = 0.00 | val_mse = 28.2173 | ‖mix‖ = 43.54 | Код:0/9 Секрет:0/9 Пароль:0/12 Пин-код:0/10
эпоха 12: train 27.5316
  val (in-process): acc6 = 0.23 | acc_open = 0.00 | val_mse = 27.2425 | ‖mix‖ = 45.37 | Код:0/9 Секрет:0/9 Пароль:0/12 Пин-код:0/10
эпоха 13: train 26.6342
  val (in-process): acc6 = 0.23 | acc_open = 0.00 | val_mse = 26.4085 | ‖mix‖ = 47.03 | Код:0/9 Секрет:0/9 Пароль:0/12 Пин-код:0/10
эпоха 14: train 25.8664
  val (in-process): acc6 = 0.23 | acc_open = 0.00 | val_mse = 25.6942 | ‖mix‖ = 48.54 | Код:0/9 Секрет:0/9 Пароль:0/12 Пин-код:0/10
Сохранено: exp6_atoms_yattn.pt

=== ЧЕСТНАЯ КРОСС-СЕССИОННАЯ ПРОВЕРКА (через диск) ===
[cross-session, диск] acc6 = 22.50% | acc_open = 0.00% | Код:0/9 Секрет:0/9 Пароль:0/12 Пин-код:0/10
