`torch_dtype` is deprecated! Use `dtype` instead!
примеров с контекстом < 200: 400
пре-обучение проекций (≈identity) ...
  pre 99: 0.5909
  pre 199: 0.5904
  pre 299: 0.5904
фаза 2: rank-1 атомы (N_ATOMS=384, TOP_K=8) + windowed key + dynamic gate ...
эпоха 0: train 27.1352
  val (in-process): acc6 = 0.17 | acc_open = 0.00 | val_mse = 13.8576 | ‖mix‖ = 109.37 | Код:0/9 Секрет:0/9 Пароль:0/12 Пин-код:0/10
эпоха 1: train 12.9727
  val (in-process): acc6 = 0.12 | acc_open = 0.00 | val_mse = 10.5889 | ‖mix‖ = 135.70 | Код:0/9 Секрет:0/9 Пароль:0/12 Пин-код:0/10
эпоха 2: train 11.2628
  val (in-process): acc6 = 0.25 | acc_open = 0.00 | val_mse = 9.6802 | ‖mix‖ = 143.69 | Код:0/9 Секрет:0/9 Пароль:0/12 Пин-код:0/10
эпоха 3: train 10.6150
  val (in-process): acc6 = 0.25 | acc_open = 0.00 | val_mse = 9.1986 | ‖mix‖ = 147.91 | Код:0/9 Секрет:0/9 Пароль:0/12 Пин-код:0/10
эпоха 4: train 10.2038
  val (in-process): acc6 = 0.25 | acc_open = 0.00 | val_mse = 8.8475 | ‖mix‖ = 150.65 | Код:0/9 Секрет:0/9 Пароль:0/12 Пин-код:0/10
эпоха 5: train 9.8796
  val (in-process): acc6 = 0.25 | acc_open = 0.00 | val_mse = 8.5590 | ‖mix‖ = 152.68 | Код:0/9 Секрет:0/9 Пароль:0/12 Пин-код:0/10
эпоха 6: train 9.5985
  val (in-process): acc6 = 0.25 | acc_open = 0.00 | val_mse = 8.2995 | ‖mix‖ = 154.35 | Код:0/9 Секрет:0/9 Пароль:0/12 Пин-код:0/10
эпоха 7: train 9.3409
  val (in-process): acc6 = 0.25 | acc_open = 0.00 | val_mse = 8.0581 | ‖mix‖ = 155.81 | Код:0/9 Секрет:0/9 Пароль:0/12 Пин-код:0/10
эпоха 8: train 9.1006
  val (in-process): acc6 = 0.25 | acc_open = 0.00 | val_mse = 7.8292 | ‖mix‖ = 157.13 | Код:0/9 Секрет:0/9 Пароль:0/12 Пин-код:0/10
эпоха 9: train 8.8676
  val (in-process): acc6 = 0.25 | acc_open = 0.00 | val_mse = 7.6096 | ‖mix‖ = 158.36 | Код:0/9 Секрет:0/9 Пароль:0/12 Пин-код:0/10
эпоха 10: train 8.6433
  val (in-process): acc6 = 0.25 | acc_open = 0.00 | val_mse = 7.3946 | ‖mix‖ = 159.51 | Код:0/9 Секрет:0/9 Пароль:0/12 Пин-код:0/10
эпоха 11: train 8.4255
  val (in-process): acc6 = 0.25 | acc_open = 0.00 | val_mse = 7.1887 | ‖mix‖ = 160.56 | Код:0/9 Секрет:0/9 Пароль:0/12 Пин-код:0/10
эпоха 12: train 8.2094
  val (in-process): acc6 = 0.25 | acc_open = 0.00 | val_mse = 6.9870 | ‖mix‖ = 161.55 | Код:0/9 Секрет:0/9 Пароль:0/12 Пин-код:0/10
эпоха 13: train 8.0009
  val (in-process): acc6 = 0.25 | acc_open = 0.00 | val_mse = 6.7952 | ‖mix‖ = 162.46 | Код:0/9 Секрет:0/9 Пароль:0/12 Пин-код:0/10
эпоха 14: train 7.7968
  val (in-process): acc6 = 0.25 | acc_open = 0.00 | val_mse = 6.6144 | ‖mix‖ = 163.33 | Код:0/9 Секрет:0/9 Пароль:0/12 Пин-код:0/10
Сохранено: exp6_atoms_yattn.pt

=== ЧЕСТНАЯ КРОСС-СЕССИОННАЯ ПРОВЕРКА (через диск) ===
[cross-session, диск] acc6 = 25.00% | acc_open = 0.00% | Код:0/9 Секрет:0/9 Пароль:0/12 Пин-код:0/10
